PROBE metadata_complete true
PROBE cuda {"available": true, "name": "NVIDIA GeForce RTX 5060 Laptop GPU", "arch_list": ["sm_50", "sm_60", "sm_61", "sm_70", "sm_75", "sm_80", "sm_86", "sm_90", "sm_100", "sm_120"]}
PROBE cuda_matmul_autograd true
PROBE rsl_model {"action": [8, 3], "value": [8, 1], "finite": true, "module_resolver": "<class 'rsl_rl.models.mlp_model.MLPModel'>"}
[INFO][AppLauncher]: Using device: cuda:0
[INFO][AppLauncher]: Loading experience file: D:\zerozero_code\IsaacLab\apps\isaaclab.python.headless.kit
Loading user config located at: 'd:/software/miniconda3/envs/env_isaaclab/lib/site-packages/isaacsim/kit/data/Kit/Isaac-Sim/5.1/user.config.json'
[Info] [carb] Logging to file: d:/software/miniconda3/envs/env_isaaclab/lib/site-packages/isaacsim/kit/logs/Kit/Isaac-Sim/5.1/kit_20260920_144844.log
2026-09-20T06:48:45Z [18ms] [Warning] [carb.crashreporter-breakpad.plugin] [previous crash] preventing upload of minidump due to user opt-out: 'd:/software/miniconda3/envs/env_isaaclab/lib/site-packages/isaacsim/kit/data/Kit/Isaac-Sim/5.1\a83ca194-bb21-4514-9a12-c08f6456a40c.dmp'
2026-09-20T06:48:45Z [402ms] [Warning] [omni.usd_config.extension] Enable omni.materialx.libs extension to use MaterialX
2026-09-20T06:48:46Z [1,228ms] [Warning] [carb] Acquiring non optional plugin interface which is not listed as dependency: [omni::physx::IPhysxBenchmarks v1.0] (plugin: <default plugin>), by client: omni.physics.physx.plugin. Add it to CARB_PLUGIN_IMPL_DEPS() macro of a client.
2026-09-20T06:48:46Z [1,250ms] [Warning] [omni.isaac.dynamic_control] omni.isaac.dynamic_control is deprecated as of Isaac Sim 4.5. No action is needed from end-users.
2026-09-20T06:48:49Z [4,504ms] [Warning] [gpu.foundation.plugin] Skipping unsupported non-NVIDIA GPU: Intel(R) UHD Graphics
2026-09-20T06:48:49Z [4,504ms] [Warning] [gpu.foundation.plugin] Skipping unsupported non-NVIDIA GPU: Intel(R) UHD Graphics
2026-09-20T06:48:49Z [4,505ms] [Warning] [gpu.foundation.plugin] Skipping unsupported non-NVIDIA GPU: Intel(R) UHD Graphics
2026-09-20T06:48:49Z [4,505ms] [Warning] [gpu.foundation.plugin] Skipping unsupported non-NVIDIA GPU: Intel(R) UHD Graphics

|---------------------------------------------------------------------------------------------|
| Driver Version: 592.19        | Graphics API: D3D12
|=============================================================================================|
| GPU | Name                             | Active | LDA | GPU Memory | Vendor-ID | LUID       |
|     |                                  |        |     |            | Device-ID | UUID       |
|     |                                  |        |     |            | Bus-ID    |            |
|---------------------------------------------------------------------------------------------|
| 0   | NVIDIA GeForce RTX 5060 Laptop.. | Yes: 0 |     | 7899    MB | 10de      | fc3c0100.. |
|     |                                  |        |     |            | 2d59      | 0          |
|     |                                  |        |     |            | 1         |            |
|---------------------------------------------------------------------------------------------|
| 1   | Intel(R) UHD Graphics            |        |     | 128     MB | 8086      | 4a390100.. |
|     |                                  |        |     |            | a78b      | 0          |
|     |                                  |        |     |            | N/A       |            |
|---------------------------------------------------------------------------------------------|
| 2   | Intel(R) UHD Graphics            |        |     | 128     MB | 8086      | 6d5bab00.. |
|     |                                  |        |     |            | a78b      | 0          |
|     |                                  |        |     |            | N/A       |            |
|=============================================================================================|
| OS: Windows 11 IoT Enterprise LTSC 2024, Version: 10.0 (24H2), Build: 26100, Kernel: 10.0.26100.9444
| Processor: Intel(R) Core(TM) i7-14650HX
| Cores: 16 | Logical Cores: 24
|---------------------------------------------------------------------------------------------|
| Total Memory (MB): 32397 | Free Memory: 9564
| Total Page/Swap (MB): 39313 | Free Page/Swap: 3555
|---------------------------------------------------------------------------------------------|
2026-09-20T06:48:50Z [5,152ms] [Warning] [gpu.foundation.plugin] PCIe link width current (8) and maximum (16) for device 0 don't match.
PROBE app_started true
PROBE project_loaded "D:\\zerozero_code\\fruit-dronefly\\source\\DroneFollow\\DroneFollow\\__init__.py"
PROBE task_ids ["IsaacLab-Dronefollow-v0", "IsaacLab-Dronefollow-v1", "IsaacLab-Dronefollow-MPC-v0", "IsaacLab-Dronefollow-MPC-v1", "IsaacLab-Hover-v0"]
Stage = 0
[INFO]: Parsing configuration from: DroneFollow.tasks.dronefollow.dronefollow_env_cfg_v0:DronefollowEnvCfg
[INFO]: Parsing configuration from: DroneFollow.tasks.dronefollow.agents.rsl_rl_ppo_cfg:PPORunnerCfgV0
[WARNING]: The `policy` configuration is deprecated for rsl-rl >= 4.0.0. Please use, e.g., `actor` and `critic` model configurations instead.
[WARNING]: The `empirical_normalization` parameter is deprecated. Please set `actor_obs_normalization` and `critic_obs_normalization` as part of the `policy` configuration instead.
[WARNING]: The `policy` configuration is used to infer the `actor` model configuration.
[WARNING]: The `policy` configuration is used to infer the `critic` model configuration.
[WARNING]: The `distribution_cfg` configuration is now used to specify the output distribution for stochastic policies. Consider updating the configuration to use `distribution_cfg` instead of `stochastic`, `init_noise_std`, `noise_std_type`, and `state_dependent_std` parameters.
PROBE runner_config {"actor": {"class_name": "MLPModel", "hidden_dims": [32, 32], "activation": "elu", "obs_normalization": false, "distribution_cfg": {"class_name": "GaussianDistribution", "init_std": 0.5, "std_type": "scalar"}}, "critic": {"class_name": "MLPModel", "hidden_dims": [32, 32], "activation": "elu", "obs_normalization": false, "distribution_cfg": null}, "clip_actions": null}
PROBE probe_overrides {"num_envs": 2, "terrain_visual_material": null, "sky_texture": null}
D:\software\miniconda3\envs\env_isaaclab\Lib\site-packages\gymnasium\envs\registration.py:512: DeprecationWarning: [33mWARN: The environment IsaacLab-Dronefollow-v0 is out of date. You should consider upgrading to version `v1`.[0m
  logger.deprecation(
2026-09-20T06:48:50Z [5,613ms] [Warning] [isaaclab.envs.manager_based_env] Seed not set for the environment. The environment creation may not be deterministic.

[36m======================================================================================================================[0m
[36m[1m[INFO][IsaacLab]: Logging to file: C:\Users\zerozero\AppData\Local\Temp\isaaclab\logs\isaaclab_2026-09-20_14-48-50.log[0m
[36m======================================================================================================================[0m

[33m14:48:50 [simulation_context.py] WARNING: The `enable_external_forces_every_iteration` parameter in the PhysxCfg is set to False. If you are experiencing noisy velocities, consider enabling this flag. You may need to slightly increase the number of velocity iterations (setting it to 1 or 2 rather than 0), together with this flag, to improve the accuracy of velocity updates.[0m
[INFO]: Base environment:
	Environment device    : cuda:0
	Environment seed      : None
	Physics step-size     : 0.01
	Rendering step-size   : 0.04
	Environment step-size : 0.04
[INFO] Generating terrains based on curriculum took : 0.099438 seconds
[INFO]: Time taken for scene creation : 0.328217 seconds
[INFO]: Scene manager:  <class InteractiveScene>
	Number of environments: 2
	Environment spacing   : 2.5
	Source prim name      : /World/envs/env_0
	Global prim paths     : ['/World/ground']
	Replicate physics     : True
[INFO]: Starting the simulation. This may take a few seconds. Please wait...
[INFO]: Time taken for simulation start : 0.640632 seconds
[INFO] Command Manager:  <CommandManager> contains 1 active terms.
+-------------------------------------------------+
|               Active Command Terms              |
+-------+-------------+---------------------------+
| Index | Name        |            Type           |
+-------+-------------+---------------------------+
|   0   | target_pose | TrajectoryTrackingCommand |
+-------+-------------+---------------------------+

[INFO] Event Manager:  <EventManager> contains 1 active terms.
+----------------------------------+
| Active Event Terms in Mode: 'reset' |
+------------+---------------------+
|   Index    | Name                |
+------------+---------------------+
|     0      | reset_base          |
+------------+---------------------+

[INFO] Recorder Manager:  <RecorderManager> contains 0 active terms.
+---------------------+
| Active Recorder Terms |
+-----------+---------+
|   Index   | Name    |
+-----------+---------+
+-----------+---------+

[INFO] Action Manager:  <ActionManager> contains 1 active terms.
+----------------------------------+
|  Active Action Terms (shape: 3)  |
+-------+--------------+-----------+
| Index | Name         | Dimension |
+-------+--------------+-----------+
|   0   | force_torque |         3 |
+-------+--------------+-----------+

[INFO] Observation Manager: <ObservationManager> contains 2 groups.
+----------------------------------------------------------+
| Active Observation Terms in Group: 'policy' (shape: (19,)) |
+------------+--------------------------------+------------+
|   Index    | Name                           |   Shape    |
+------------+--------------------------------+------------+
|     0      | base_lin_vel                   |    (3,)    |
|     1      | base_orientation               |    (4,)    |
|     2      | tracking_state                 |    (9,)    |
|     3      | last_action                    |    (3,)    |
+------------+--------------------------------+------------+
+---------------------------------------------------------+
| Active Observation Terms in Group: 'critic' (shape: (19,)) |
+-----------+---------------------------------+-----------+
|   Index   | Name                            |   Shape   |
+-----------+---------------------------------+-----------+
|     0     | base_lin_vel                    |    (3,)   |
|     1     | base_orientation                |    (4,)   |
|     2     | tracking_state_gt               |    (9,)   |
|     3     | last_action                     |    (3,)   |
+-----------+---------------------------------+-----------+

[INFO] Termination Manager:  <TerminationManager> contains 6 active terms.
+------------------------------------+
|      Active Termination Terms      |
+-------+-----------------+----------+
| Index | Name            | Time Out |
+-------+-----------------+----------+
|   0   | time_out        |   True   |
|   1   | out_of_xy_bound |  False   |
|   2   | out_of_z_bound  |  False   |
|   3   | too_close       |  False   |
|   4   | base_contact    |  False   |
|   5   | bad_pose        |  False   |
+-------+-----------------+----------+

[INFO] Reward Manager:  <RewardManager> contains 7 active terms.
+--------------------------------------+
|         Active Reward Terms          |
+-------+---------------------+--------+
| Index | Name                | Weight |
+-------+---------------------+--------+
|   0   | position_track      |   10.0 |
|   1   | attitude            |  -0.15 |
|   2   | ang_vel             |   -0.5 |
|   3   | action_smooth       |   -0.2 |
|   4   | heading_lateral_vel |   -1.0 |
|   5   | termination_penalty |   -5.0 |
|   6   | success_reach       |    5.0 |
+-------+---------------------+--------+

[INFO] Curriculum Manager:  <CurriculumManager> contains 1 active terms.
+---------------------------+
|  Active Curriculum Terms  |
+--------+------------------+
| Index  | Name             |
+--------+------------------+
|   0    | terrain_levels   |
+--------+------------------+

[INFO]: Completed setting up the environment...
PROBE env_created {"obs": {"policy": [2, 19], "critic": [2, 19]}, "actions": 3}
PROBE env_steps 100
D:\software\miniconda3\envs\env_isaaclab\Lib\site-packages\rsl_rl\utils\utils.py:220: UserWarning: The observation configuration dictionary 'obs_groups' is empty and thus likely not configured. Consider configuring the 'obs_groups' dictionary explicitly
  warnings.warn(
D:\software\miniconda3\envs\env_isaaclab\Lib\site-packages\rsl_rl\utils\utils.py:251: UserWarning: The observation configuration dictionary 'obs_groups' does not contain the 'actor' key. As an observation group with the name 'policy' was found, this is assumed to be the appropriate observation. Consider adding the 'actor' key to the 'obs_groups' dictionary for clarity. This behavior will be removed in a future version.
  warnings.warn(
D:\software\miniconda3\envs\env_isaaclab\Lib\site-packages\rsl_rl\utils\utils.py:243: UserWarning: The observation configuration dictionary 'obs_groups' does not contain the 'critic' key. As an observation group with the name 'critic' was found, this is assumed to be the appropriate observation. Consider adding the 'critic' key to the 'obs_groups' dictionary for clarity. This behavior will be removed in a future version.
  warnings.warn(
--------------------------------------------------------------------------------
Resolved observation sets: 
	 actor :  ['policy']
	 critic :  ['critic']
--------------------------------------------------------------------------------
Actor Model: MLPModel(
  (obs_normalizer): Identity()
  (distribution): GaussianDistribution()
  (mlp): MLP(
    (0): Linear(in_features=19, out_features=32, bias=True)
    (1): ELU(alpha=1.0)
    (2): Linear(in_features=32, out_features=32, bias=True)
    (3): ELU(alpha=1.0)
    (4): Linear(in_features=32, out_features=3, bias=True)
  )
)
Critic Model: MLPModel(
  (obs_normalizer): Identity()
  (mlp): MLP(
    (0): Linear(in_features=19, out_features=32, bias=True)
    (1): ELU(alpha=1.0)
    (2): Linear(in_features=32, out_features=32, bias=True)
    (3): ELU(alpha=1.0)
    (4): Linear(in_features=32, out_features=1, bias=True)
  )
)
Could not find git repository in D:\software\miniconda3\envs\env_isaaclab\Lib\site-packages\rsl_rl\__init__.py. Skipping.
################################################################################
[1m                             Learning iteration 0/2                             [0m 

                            Total steps: 32 
                       Steps per second: 30 
                        Collection time: 0.781s 
                          Learning time: 0.279s 
                        Mean value loss: 6.0359
                    Mean surrogate loss: -0.0269
                      Mean entropy loss: 2.1705
                            Mean reward: -6.06
                    Mean episode length: 15.00
                        Mean action std: 0.50
          Episode_Reward/position_track: 0.0607
                Episode_Reward/attitude: -0.0000
                 Episode_Reward/ang_vel: -0.0159
           Episode_Reward/action_smooth: -0.0108
     Episode_Reward/heading_lateral_vel: -0.0008
     Episode_Reward/termination_penalty: -0.0008
           Episode_Reward/success_reach: 0.0000
              Curriculum/terrain_levels: 0.0000
     Metrics/target_pose/position_error: 0.5056
  Metrics/target_pose/orientation_error: 0.1201
        Metrics/target_pose/action_rate: 3.3868
        Metrics/target_pose/avg_lin_spd: 0.1988
        Metrics/target_pose/avg_ang_spd: 1.4395
     Metrics/target_pose/target_lin_vel: 0.1796
      Metrics/target_pose/terrain_level: 0.0000
   Metrics/target_pose/desired_distance: 0.2217
    Metrics/target_pose/approach_active: 0.0000
 Metrics/target_pose/approach_returning: 0.0000
Metrics/target_pose/approach_offset_norm: 0.0000
           Episode_Termination/time_out: 0.0000
    Episode_Termination/out_of_xy_bound: 0.0000
     Episode_Termination/out_of_z_bound: 0.0625
          Episode_Termination/too_close: 0.0000
       Episode_Termination/base_contact: 0.0000
           Episode_Termination/bad_pose: 0.0000
--------------------------------------------------------------------------------
                         Iteration time: 1.06s
                           Time elapsed: 00:00:01
                                    ETA: 00:00:01

################################################################################
[1m                             Learning iteration 1/2                             [0m 

                            Total steps: 64 
                       Steps per second: 23 
                        Collection time: 1.285s 
                          Learning time: 0.085s 
                        Mean value loss: 1.1277
                    Mean surrogate loss: -0.0540
                      Mean entropy loss: 2.1469
                            Mean reward: -7.48
                    Mean episode length: 19.50
                        Mean action std: 0.49
          Episode_Reward/position_track: 0.3377
                Episode_Reward/attitude: -0.0003
                 Episode_Reward/ang_vel: -0.1185
           Episode_Reward/action_smooth: -0.1432
     Episode_Reward/heading_lateral_vel: -0.0057
     Episode_Reward/termination_penalty: -0.0067
           Episode_Reward/success_reach: 0.0000
              Curriculum/terrain_levels: 0.0000
     Metrics/target_pose/position_error: 4.3305
  Metrics/target_pose/orientation_error: 0.5292
        Metrics/target_pose/action_rate: 27.2526
        Metrics/target_pose/avg_lin_spd: 1.5742
        Metrics/target_pose/avg_ang_spd: 10.3374
     Metrics/target_pose/target_lin_vel: 1.0051
      Metrics/target_pose/terrain_level: 0.0000
   Metrics/target_pose/desired_distance: 1.6573
    Metrics/target_pose/approach_active: 0.0000
 Metrics/target_pose/approach_returning: 0.0000
Metrics/target_pose/approach_offset_norm: 0.0000
           Episode_Termination/time_out: 0.0000
    Episode_Termination/out_of_xy_bound: 0.0000
     Episode_Termination/out_of_z_bound: 0.7812
          Episode_Termination/too_close: 0.0000
       Episode_Termination/base_contact: 0.0000
           Episode_Termination/bad_pose: 0.0000
--------------------------------------------------------------------------------
                         Iteration time: 1.37s
                           Time elapsed: 00:00:02
                                    ETA: 00:00:00

PROBE ppo_iterations 2
PROBE checkpoint_reload {"path": "C:\\Users\\zerozero\\AppData\\Local\\Temp\\fruit_env_probe_ppo\\probe.pt", "actions": [2, 3], "finite": true}
PROBE jit_export true
PROBE jit_max_abs_error 0.0
PROBE onnx_export_and_checker true
PROBE env_closed true
